Archive member included because of file (symbol)

c:/freescale/kds_v3/toolchain/bin/../lib/gcc/arm-none-eabi/4.8.4/../../../../arm-none-eabi/lib/armv7e-m/fpu\libg_s.a(lib_a-errno.o)
                              ./utilities/fsl_sbrk.o (__errno)
c:/freescale/kds_v3/toolchain/bin/../lib/gcc/arm-none-eabi/4.8.4/../../../../arm-none-eabi/lib/armv7e-m/fpu\libg_s.a(lib_a-exit.o)
                              c:/freescale/kds_v3/toolchain/bin/../lib/gcc/arm-none-eabi/4.8.4/../../../../arm-none-eabi/lib/armv7e-m/fpu/crt0.o (exit)
c:/freescale/kds_v3/toolchain/bin/../lib/gcc/arm-none-eabi/4.8.4/../../../../arm-none-eabi/lib/armv7e-m/fpu\libg_s.a(lib_a-impure.o)
                              c:/freescale/kds_v3/toolchain/bin/../lib/gcc/arm-none-eabi/4.8.4/../../../../arm-none-eabi/lib/armv7e-m/fpu\libg_s.a(lib_a-exit.o) (_global_impure_ptr)
c:/freescale/kds_v3/toolchain/bin/../lib/gcc/arm-none-eabi/4.8.4/../../../../arm-none-eabi/lib/armv7e-m/fpu\libg_s.a(lib_a-init.o)
                              c:/freescale/kds_v3/toolchain/bin/../lib/gcc/arm-none-eabi/4.8.4/../../../../arm-none-eabi/lib/armv7e-m/fpu/crt0.o (__libc_init_array)
c:/freescale/kds_v3/toolchain/bin/../lib/gcc/arm-none-eabi/4.8.4/../../../../arm-none-eabi/lib/armv7e-m/fpu\libg_s.a(lib_a-memcpy-stub.o)
                              ./drivers/fsl_enet.o (memcpy)
c:/freescale/kds_v3/toolchain/bin/../lib/gcc/arm-none-eabi/4.8.4/../../../../arm-none-eabi/lib/armv7e-m/fpu\libg_s.a(lib_a-memmove.o)
                              ./utilities/fsl_shell.o (memmove)
c:/freescale/kds_v3/toolchain/bin/../lib/gcc/arm-none-eabi/4.8.4/../../../../arm-none-eabi/lib/armv7e-m/fpu\libg_s.a(lib_a-memset.o)
                              c:/freescale/kds_v3/toolchain/bin/../lib/gcc/arm-none-eabi/4.8.4/../../../../arm-none-eabi/lib/armv7e-m/fpu/crt0.o (memset)
c:/freescale/kds_v3/toolchain/bin/../lib/gcc/arm-none-eabi/4.8.4/../../../../arm-none-eabi/lib/armv7e-m/fpu\libg_s.a(lib_a-strlen.o)
                              ./utilities/fsl_debug_console.o (strlen)
c:/freescale/kds_v3/toolchain/bin/../lib/gcc/arm-none-eabi/4.8.4/../../../../arm-none-eabi/lib/armv7e-m/fpu\libnosys.a(_exit.o)
                              c:/freescale/kds_v3/toolchain/bin/../lib/gcc/arm-none-eabi/4.8.4/../../../../arm-none-eabi/lib/armv7e-m/fpu\libg_s.a(lib_a-exit.o) (_exit)

Discarded input sections

 .text          0x00000000        0x0 c:/freescale/kds_v3/toolchain/bin/../lib/gcc/arm-none-eabi/4.8.4/armv7e-m/fpu/crti.o
 .data          0x00000000        0x0 c:/freescale/kds_v3/toolchain/bin/../lib/gcc/arm-none-eabi/4.8.4/armv7e-m/fpu/crti.o
 .bss           0x00000000        0x0 c:/freescale/kds_v3/toolchain/bin/../lib/gcc/arm-none-eabi/4.8.4/armv7e-m/fpu/crti.o
 .data          0x00000000        0x4 c:/freescale/kds_v3/toolchain/bin/../lib/gcc/arm-none-eabi/4.8.4/armv7e-m/fpu/crtbegin.o
 .data          0x00000000        0x0 c:/freescale/kds_v3/toolchain/bin/../lib/gcc/arm-none-eabi/4.8.4/../../../../arm-none-eabi/lib/armv7e-m/fpu/crt0.o
 .bss           0x00000000        0x0 c:/freescale/kds_v3/toolchain/bin/../lib/gcc/arm-none-eabi/4.8.4/../../../../arm-none-eabi/lib/armv7e-m/fpu/crt0.o
 .ARM.extab     0x00000000        0x0 c:/freescale/kds_v3/toolchain/bin/../lib/gcc/arm-none-eabi/4.8.4/../../../../arm-none-eabi/lib/armv7e-m/fpu/crt0.o
 .text          0x00000000        0x0 ./utilities/fsl_debug_console.o
 .data          0x00000000        0x0 ./utilities/fsl_debug_console.o
 .bss           0x00000000        0x0 ./utilities/fsl_debug_console.o
 .text.DbgConsole_Putchar
                0x00000000       0x24 ./utilities/fsl_debug_console.o
 .text.DbgConsole_ScanIgnoreWhiteSpace
                0x00000000       0x22 ./utilities/fsl_debug_console.o
 .text.DbgConsole_Init
                0x00000000       0x5c ./utilities/fsl_debug_console.o
 .text.DbgConsole_Deinit
                0x00000000       0x2c ./utilities/fsl_debug_console.o
 .text.DbgConsole_Printf
                0x00000000      0x270 ./utilities/fsl_debug_console.o
 .text.DbgConsole_Getchar
                0x00000000       0x28 ./utilities/fsl_debug_console.o
 .text.DbgConsole_Scanf
                0x00000000      0x2e8 ./utilities/fsl_debug_console.o
 .text._write   0x00000000       0x28 ./utilities/fsl_debug_console.o
 .text._read    0x00000000       0x20 ./utilities/fsl_debug_console.o
 .bss.s_debugConsole
                0x00000000       0x10 ./utilities/fsl_debug_console.o
 .debug_info    0x00000000     0x11cb ./utilities/fsl_debug_console.o
 .debug_abbrev  0x00000000      0x3b1 ./utilities/fsl_debug_console.o
 .debug_loc     0x00000000     0x12fa ./utilities/fsl_debug_console.o
 .debug_aranges
                0x00000000       0x60 ./utilities/fsl_debug_console.o
 .debug_ranges  0x00000000       0x98 ./utilities/fsl_debug_console.o
 .debug_line    0x00000000      0x445 ./utilities/fsl_debug_console.o
 .debug_str     0x00000000      0xc83 ./utilities/fsl_debug_console.o
[...]
Memory Configuration

Name             Origin             Length             Attributes
m_interrupts     0x00000000         0x00000400         xr
m_flash_config   0x00000400         0x00000010         xr
m_text           0x00000410         0x000ffbf0         xr
m_data           0x1fff0000         0x00010000         rw
m_data_2         0x20000000         0x00030000         rw
*default*        0x00000000         0xffffffff

Linker script and memory map

LOAD c:/freescale/kds_v3/toolchain/bin/../lib/gcc/arm-none-eabi/4.8.4/armv7e-m/fpu/crti.o
LOAD c:/freescale/kds_v3/toolchain/bin/../lib/gcc/arm-none-eabi/4.8.4/armv7e-m/fpu/crtbegin.o
LOAD c:/freescale/kds_v3/toolchain/bin/../lib/gcc/arm-none-eabi/4.8.4/../../../../arm-none-eabi/lib/armv7e-m/fpu/crt0.o
START GROUP
LOAD ./utilities/fsl_debug_console.o
LOAD ./utilities/fsl_notifier.o
LOAD ./utilities/fsl_sbrk.o
LOAD ./utilities/fsl_shell.o
LOAD ./startup/startup_MK64F12.o
LOAD ./startup/system_MK64F12.o
LOAD ./sources/command_decoder.o
LOAD ./sources/drive.o
LOAD ./sources/main.o
LOAD ./sources/my_string.o
LOAD ./sources/uart.o
LOAD ./drivers/fsl_adc16.o
LOAD ./drivers/fsl_clock.o
LOAD ./drivers/fsl_cmp.o
LOAD ./drivers/fsl_cmt.o
LOAD ./drivers/fsl_common.o
LOAD ./drivers/fsl_crc.o
LOAD ./drivers/fsl_dac.o
LOAD ./drivers/fsl_dmamux.o
LOAD ./drivers/fsl_dspi.o
LOAD ./drivers/fsl_dspi_edma.o
LOAD ./drivers/fsl_edma.o
LOAD ./drivers/fsl_enet.o
LOAD ./drivers/fsl_ewm.o
LOAD ./drivers/fsl_flash.o
LOAD ./drivers/fsl_flexbus.o
LOAD ./drivers/fsl_flexcan.o
LOAD ./drivers/fsl_ftm.o
LOAD ./drivers/fsl_gpio.o
LOAD ./drivers/fsl_i2c.o
LOAD ./drivers/fsl_i2c_edma.o
LOAD ./drivers/fsl_llwu.o
LOAD ./drivers/fsl_lptmr.o
LOAD ./drivers/fsl_mpu.o
LOAD ./drivers/fsl_pdb.o
LOAD ./drivers/fsl_pit.o
LOAD ./drivers/fsl_pmc.o
LOAD ./drivers/fsl_rcm.o
LOAD ./drivers/fsl_rnga.o
LOAD ./drivers/fsl_rtc.o
LOAD ./drivers/fsl_sai.o
LOAD ./drivers/fsl_sai_edma.o
LOAD ./drivers/fsl_sdhc.o
LOAD ./drivers/fsl_sim.o
LOAD ./drivers/fsl_smc.o
LOAD ./drivers/fsl_uart.o
LOAD ./drivers/fsl_uart_edma.o
LOAD ./drivers/fsl_vref.o
LOAD ./drivers/fsl_wdog.o
LOAD ./board/board.o
LOAD ./board/clock_config.o
LOAD ./board/pin_mux.o
LOAD c:/freescale/kds_v3/toolchain/bin/../lib/gcc/arm-none-eabi/4.8.4/../../../../arm-none-eabi/lib/armv7e-m/fpu\libm.a
LOAD c:/freescale/kds_v3/toolchain/bin/../lib/gcc/arm-none-eabi/4.8.4/../../../../arm-none-eabi/lib/armv7e-m/fpu\libg_s.a
LOAD c:/freescale/kds_v3/toolchain/bin/../lib/gcc/arm-none-eabi/4.8.4/armv7e-m/fpu\libgcc.a
LOAD c:/freescale/kds_v3/toolchain/bin/../lib/gcc/arm-none-eabi/4.8.4/../../../../arm-none-eabi/lib/armv7e-m/fpu\libnosys.a
END GROUP
START GROUP
LOAD c:/freescale/kds_v3/toolchain/bin/../lib/gcc/arm-none-eabi/4.8.4/armv7e-m/fpu\libgcc.a
LOAD c:/freescale/kds_v3/toolchain/bin/../lib/gcc/arm-none-eabi/4.8.4/../../../../arm-none-eabi/lib/armv7e-m/fpu\libg_s.a
LOAD c:/freescale/kds_v3/toolchain/bin/../lib/gcc/arm-none-eabi/4.8.4/../../../../arm-none-eabi/lib/armv7e-m/fpu\libc_s.a
END GROUP
START GROUP
LOAD c:/freescale/kds_v3/toolchain/bin/../lib/gcc/arm-none-eabi/4.8.4/armv7e-m/fpu\libgcc.a
LOAD c:/freescale/kds_v3/toolchain/bin/../lib/gcc/arm-none-eabi/4.8.4/../../../../arm-none-eabi/lib/armv7e-m/fpu\libc_s.a
END GROUP
LOAD c:/freescale/kds_v3/toolchain/bin/../lib/gcc/arm-none-eabi/4.8.4/armv7e-m/fpu/crtend.o
LOAD c:/freescale/kds_v3/toolchain/bin/../lib/gcc/arm-none-eabi/4.8.4/armv7e-m/fpu/crtn.o
                0x00000400                HEAP_SIZE = DEFINED (__heap_size__)?__heap_size__:0x400
                0x00000400                STACK_SIZE = DEFINED (__stack_size__)?__stack_size__:0x400
                0x00000000                M_VECTOR_RAM_SIZE = DEFINED (__ram_vector_table__)?0x400:0x0

.interrupts     0x00000000      0x400
                0x00000000                __VECTOR_TABLE = .
                0x00000000                . = ALIGN (0x4)
 *(.isr_vector)
 .isr_vector    0x00000000      0x400 ./startup/startup_MK64F12.o
                0x00000000                __isr_vector
                0x00000400                . = ALIGN (0x4)

.flash_config   0x00000400       0x10
                0x00000400                . = ALIGN (0x4)
 *(.FlashConfig)
 .FlashConfig   0x00000400       0x10 ./startup/startup_MK64F12.o
                0x00000410                . = ALIGN (0x4)

.text           0x00000410     0x153c
                0x00000410                . = ALIGN (0x4)
 *(.text)
 .text          0x00000410       0x54 c:/freescale/kds_v3/toolchain/bin/../lib/gcc/arm-none-eabi/4.8.4/armv7e-m/fpu/crtbegin.o
 .text          0x00000464       0x74 c:/freescale/kds_v3/toolchain/bin/../lib/gcc/arm-none-eabi/4.8.4/../../../../arm-none-eabi/lib/armv7e-m/fpu/crt0.o
                0x00000464                _start
                0x00000464                _mainCRTStartup
 .text          0x000004d8      0x1e4 ./startup/startup_MK64F12.o
                0x000004d8                Reset_Handler
                0x0000051c                DebugMon_Handler
                0x0000051c                PORTC_IRQHandler
                0x0000051c                USB0_IRQHandler
                0x0000051c                DMA_Error_DriverIRQHandler
                0x0000051c                USBDCD_IRQHandler
                0x0000051c                WDOG_EWM_IRQHandler
                0x0000051c                Read_Collision_IRQHandler
                0x0000051c                CMP0_IRQHandler
                0x0000051c                ENET_Transmit_DriverIRQHandler
                0x0000051c                UART1_ERR_DriverIRQHandler
                0x0000051c                BusFault_Handler
                0x0000051c                PIT0_IRQHandler
                0x0000051c                LPTMR0_IRQHandler
                0x0000051c                CMP2_IRQHandler
                0x0000051c                LLWU_IRQHandler
                0x0000051c                FTM2_IRQHandler
                0x0000051c                PORTE_IRQHandler
                0x0000051c                ENET_1588_Timer_DriverIRQHandler
                0x0000051c                SWI_IRQHandler
                0x0000051c                ADC0_IRQHandler
                0x0000051c                UsageFault_Handler
                0x0000051c                FTM3_IRQHandler
                0x0000051c                CMT_IRQHandler
                0x0000051c                MCM_IRQHandler
                0x0000051c                DAC1_IRQHandler
                0x0000051c                DefaultISR
                0x0000051c                PORTA_IRQHandler
                0x0000051c                UART5_ERR_DriverIRQHandler
                0x0000051c                FTM0_IRQHandler
                0x0000051c                CMP1_IRQHandler
                0x0000051c                Reserved71_IRQHandler
                0x0000051c                PORTD_IRQHandler
                0x0000051c                PORTB_IRQHandler
                0x0000051c                LVD_LVW_IRQHandler
                0x0000051c                UART2_ERR_DriverIRQHandler
                0x0000051c                ADC1_IRQHandler
                0x0000051c                PIT1_IRQHandler
                0x0000051c                PIT2_IRQHandler
                0x0000051c                ENET_Error_DriverIRQHandler
                0x0000051c                DAC0_IRQHandler
                0x0000051c                RTC_IRQHandler
                0x0000051c                UART3_ERR_DriverIRQHandler
                0x0000051c                PDB0_IRQHandler
                0x0000051c                FTFE_IRQHandler
                0x0000051c                FTM1_IRQHandler
                0x0000051c                ENET_Receive_DriverIRQHandler
                0x0000051c                MemManage_Handler
                0x0000051c                PIT3_IRQHandler
                0x0000051c                RNG_IRQHandler
                0x0000051c                RTC_Seconds_IRQHandler
                0x0000051c                MCG_IRQHandler
                0x0000051c                UART0_LON_DriverIRQHandler
                0x0000051c                UART0_ERR_DriverIRQHandler
                0x0000051c                UART4_ERR_DriverIRQHandler
                0x00000520                NMI_Handler
                0x00000524                HardFault_Handler
                0x00000528                SVC_Handler
                0x0000052c                PendSV_Handler
                0x00000530                SysTick_Handler
                0x00000534                DMA0_IRQHandler
                0x00000538                DMA1_IRQHandler
                0x0000053c                DMA2_IRQHandler
                0x00000540                DMA3_IRQHandler
                0x00000544                DMA4_IRQHandler
                0x00000548                DMA5_IRQHandler
                0x0000054c                DMA6_IRQHandler
                0x00000550                DMA7_IRQHandler
                0x00000554                DMA8_IRQHandler
                0x00000558                DMA9_IRQHandler
                0x0000055c                DMA10_IRQHandler
                0x00000560                DMA11_IRQHandler
                0x00000564                DMA12_IRQHandler
                0x00000568                DMA13_IRQHandler
                0x0000056c                DMA14_IRQHandler
                0x00000570                DMA15_IRQHandler
                0x00000574                DMA_Error_IRQHandler
                0x00000578                I2C0_IRQHandler
                0x0000057c                I2C1_IRQHandler
                0x00000580                SPI0_IRQHandler
                0x00000584                SPI1_IRQHandler
                0x00000588                I2S0_Tx_IRQHandler
                0x0000058c                I2S0_Rx_IRQHandler
                0x00000590                UART0_LON_IRQHandler
                0x00000594                UART0_RX_TX_IRQHandler
                0x00000598                UART0_ERR_IRQHandler
                0x0000059c                UART1_RX_TX_IRQHandler
                0x000005a0                UART1_ERR_IRQHandler
                0x000005a4                UART2_RX_TX_IRQHandler
                0x000005a8                UART2_ERR_IRQHandler
                0x000005b0                UART3_ERR_IRQHandler
                0x000005b4                SPI2_IRQHandler
                0x000005b8                UART4_RX_TX_IRQHandler
                0x000005bc                UART4_ERR_IRQHandler
                0x000005c0                UART5_RX_TX_IRQHandler
                0x000005c4                UART5_ERR_IRQHandler
                0x000005c8                I2C2_IRQHandler
                0x000005cc                CAN0_ORed_Message_buffer_IRQHandler
                0x000005d0                CAN0_Bus_Off_IRQHandler
                0x000005d4                CAN0_Error_IRQHandler
                0x000005d8                CAN0_Tx_Warning_IRQHandler
                0x000005dc                CAN0_Rx_Warning_IRQHandler
                0x000005e0                CAN0_Wake_Up_IRQHandler
                0x000005e4                SDHC_IRQHandler
                0x000005e8                ENET_1588_Timer_IRQHandler
 *(.text*)
 .text.SystemInit
                0x000006bc       0x2c ./startup/system_MK64F12.o
                0x000006bc                SystemInit
 .text.ucFindTokensInString
                0x000006e8       0x50 ./sources/command_decoder.o
                0x000006e8                ucFindTokensInString
 .text.eStringToKeyword
                0x00000738       0x34 ./sources/command_decoder.o
                0x00000738                eStringToKeyword
 .text.DecodeTokens
                0x0000076c       0x5c ./sources/command_decoder.o
                0x0000076c                DecodeTokens
 .text.DecodeMsg
                0x000007c8       0x1a ./sources/command_decoder.o
                0x000007c8                DecodeMsg
 *fill*         0x000007e2        0x2 
 .text.DriveInit
                0x000007e4       0xb0 ./sources/drive.o
                0x000007e4                DriveInit
 .text.DriveChangeWheelDirection
                0x00000894       0x4c ./sources/drive.o
                0x00000894                DriveChangeWheelDirection
 .text.DriveChangeWheelSpeed
                0x000008e0       0x50 ./sources/drive.o
                0x000008e0                DriveChangeWheelSpeed
 .text.startup.main
                0x00000930      0x140 ./sources/main.o
                0x00000930                main
 .text.eCompareString
                0x00000a70       0x1c ./sources/my_string.o
                0x00000a70                eCompareString
 .text.ReplaceCharactersInString
                0x00000a8c       0x18 ./sources/my_string.o
                0x00000a8c                ReplaceCharactersInString
 .text.eHexStringToUInt
                0x00000aa4       0x48 ./sources/my_string.o
                0x00000aa4                eHexStringToUInt
 .text.Receiver_putCharacterToBuffer
                0x00000aec       0x44 ./sources/uart.o
                0x00000aec                Receiver_putCharacterToBuffer
 .text.eReceiver_GetStatus
                0x00000b30        0xc ./sources/uart.o
                0x00000b30                eReceiver_GetStatus
 .text.Receiver_GetStringCopy
                0x00000b3c       0x20 ./sources/uart.o
                0x00000b3c                Receiver_GetStringCopy
 .text.UART3_RX_TX_IRQHandler
                0x00000b5c       0x24 ./sources/uart.o
                0x00000b5c                UART3_RX_TX_IRQHandler
 .text.BLE_COM_UART_Init
                0x00000b80       0x4c ./sources/uart.o
                0x00000b80                BLE_COM_UART_Init
 .text.CLOCK_GetMcgExtClkFreq
                0x00000bcc       0x34 ./drivers/fsl_clock.o
 .text.CLOCK_GetFllRefClkFreq
                0x00000c00       0x54 ./drivers/fsl_clock.o
 .text.CLOCK_GetInternalRefClkSelectFreq
                0x00000c54       0x2c ./drivers/fsl_clock.o
 .text.CLOCK_GetOsc0ErClkFreq
                0x00000c80       0x18 ./drivers/fsl_clock.o
                0x00000c80                CLOCK_GetOsc0ErClkFreq
 .text.CLOCK_GetEr32kClkFreq
                0x00000c98       0x40 ./drivers/fsl_clock.o
                0x00000c98                CLOCK_GetEr32kClkFreq
 .text.CLOCK_GetFllFreq
                0x00000cd8       0x40 ./drivers/fsl_clock.o
                0x00000cd8                CLOCK_GetFllFreq
 .text.CLOCK_GetInternalRefClkFreq
                0x00000d18       0x18 ./drivers/fsl_clock.o
                0x00000d18                CLOCK_GetInternalRefClkFreq
 .text.CLOCK_GetPll0Freq
                0x00000d30       0x30 ./drivers/fsl_clock.o
                0x00000d30                CLOCK_GetPll0Freq
 .text.CLOCK_GetPllFllSelClkFreq
                0x00000d60       0x2c ./drivers/fsl_clock.o
                0x00000d60                CLOCK_GetPllFllSelClkFreq
 .text.CLOCK_GetOutClkFreq
                0x00000d8c       0x28 ./drivers/fsl_clock.o
                0x00000d8c                CLOCK_GetOutClkFreq
 .text.CLOCK_GetFixedFreqClkFreq
                0x00000db4       0x1c ./drivers/fsl_clock.o
                0x00000db4                CLOCK_GetFixedFreqClkFreq
 .text.CLOCK_GetFreq
                0x00000dd0       0xb8 ./drivers/fsl_clock.o
                0x00000dd0                CLOCK_GetFreq
 .text.DSPI_CommonIRQHandler
                0x00000e88       0x1c ./drivers/fsl_dspi.o
 .text.SPI0_DriverIRQHandler
                0x00000ea4       0x14 ./drivers/fsl_dspi.o
                0x00000ea4                SPI0_DriverIRQHandler
 .text.SPI1_DriverIRQHandler
                0x00000eb8       0x14 ./drivers/fsl_dspi.o
                0x00000eb8                SPI1_DriverIRQHandler
 .text.SPI2_DriverIRQHandler
                0x00000ecc       0x14 ./drivers/fsl_dspi.o
                0x00000ecc                SPI2_DriverIRQHandler
 .text.EDMA_HandleIRQ
                0x00000ee0       0x7e ./drivers/fsl_edma.o
                0x00000ee0                EDMA_HandleIRQ
 *fill*         0x00000f5e        0x2 
 .text.DMA0_DriverIRQHandler
                0x00000f60        0xc ./drivers/fsl_edma.o
                0x00000f60                DMA0_DriverIRQHandler
 .text.DMA1_DriverIRQHandler
                0x00000f6c        0xc ./drivers/fsl_edma.o
                0x00000f6c                DMA1_DriverIRQHandler
 .text.DMA2_DriverIRQHandler
                0x00000f78        0xc ./drivers/fsl_edma.o
                0x00000f78                DMA2_DriverIRQHandler
 .text.DMA3_DriverIRQHandler
                0x00000f84        0xc ./drivers/fsl_edma.o
                0x00000f84                DMA3_DriverIRQHandler
 .text.DMA4_DriverIRQHandler
                0x00000f90        0xc ./drivers/fsl_edma.o
                0x00000f90                DMA4_DriverIRQHandler
 .text.DMA5_DriverIRQHandler
                0x00000f9c        0xc ./drivers/fsl_edma.o
                0x00000f9c                DMA5_DriverIRQHandler
 .text.DMA6_DriverIRQHandler
                0x00000fa8        0xc ./drivers/fsl_edma.o
                0x00000fa8                DMA6_DriverIRQHandler
 .text.DMA7_DriverIRQHandler
                0x00000fb4        0xc ./drivers/fsl_edma.o
                0x00000fb4                DMA7_DriverIRQHandler
 .text.DMA8_DriverIRQHandler
                0x00000fc0        0xc ./drivers/fsl_edma.o
                0x00000fc0                DMA8_DriverIRQHandler
 .text.DMA9_DriverIRQHandler
                0x00000fcc        0xc ./drivers/fsl_edma.o
                0x00000fcc                DMA9_DriverIRQHandler
 .text.DMA10_DriverIRQHandler
                0x00000fd8        0xc ./drivers/fsl_edma.o
                0x00000fd8                DMA10_DriverIRQHandler
 .text.DMA11_DriverIRQHandler
                0x00000fe4        0xc ./drivers/fsl_edma.o
                0x00000fe4                DMA11_DriverIRQHandler
 .text.DMA12_DriverIRQHandler
                0x00000ff0        0xc ./drivers/fsl_edma.o
                0x00000ff0                DMA12_DriverIRQHandler
 .text.DMA13_DriverIRQHandler
                0x00000ffc        0xc ./drivers/fsl_edma.o
                0x00000ffc                DMA13_DriverIRQHandler
 .text.DMA14_DriverIRQHandler
                0x00001008        0xc ./drivers/fsl_edma.o
                0x00001008                DMA14_DriverIRQHandler
 .text.DMA15_DriverIRQHandler
                0x00001014        0xc ./drivers/fsl_edma.o
                0x00001014                DMA15_DriverIRQHandler
 .text.ENET_Transmit_IRQHandler
                0x00001020       0x1c ./drivers/fsl_enet.o
                0x00001020                ENET_Transmit_IRQHandler
 .text.ENET_Receive_IRQHandler
                0x0000103c       0x1c ./drivers/fsl_enet.o
                0x0000103c                ENET_Receive_IRQHandler
 .text.ENET_Error_IRQHandler
                0x00001058       0x1c ./drivers/fsl_enet.o
                0x00001058                ENET_Error_IRQHandler
 .text.CAN0_DriverIRQHandler
                0x00001074       0x1c ./drivers/fsl_flexcan.o
                0x00001074                CAN0_DriverIRQHandler
 .text.FTM_Init
                0x00001090      0x220 ./drivers/fsl_ftm.o
                0x00001090                FTM_Init
 .text.FTM_GetDefaultConfig
                0x000012b0       0x20 ./drivers/fsl_ftm.o
                0x000012b0                FTM_GetDefaultConfig
 .text.FTM_SetupPwm
                0x000012d0      0x14c ./drivers/fsl_ftm.o
                0x000012d0                FTM_SetupPwm
 .text.FTM_UpdatePwmDutycycle
                0x0000141c       0x74 ./drivers/fsl_ftm.o
                0x0000141c                FTM_UpdatePwmDutycycle
 .text.GPIO_PinInit
                0x00001490       0x2e ./drivers/fsl_gpio.o
                0x00001490                GPIO_PinInit
 *fill*         0x000014be        0x2 
 .text.I2C_TransferCommonIRQHandler
                0x000014c0       0x34 ./drivers/fsl_i2c.o
 .text.I2C0_DriverIRQHandler
                0x000014f4       0x14 ./drivers/fsl_i2c.o
                0x000014f4                I2C0_DriverIRQHandler
 .text.I2C1_DriverIRQHandler
                0x00001508       0x14 ./drivers/fsl_i2c.o
                0x00001508                I2C1_DriverIRQHandler
 .text.I2C2_DriverIRQHandler
                0x0000151c       0x14 ./drivers/fsl_i2c.o
                0x0000151c                I2C2_DriverIRQHandler
 .text.I2S0_Tx_DriverIRQHandler
                0x00001530       0x1c ./drivers/fsl_sai.o
                0x00001530                I2S0_Tx_DriverIRQHandler
 .text.I2S0_Rx_DriverIRQHandler
                0x0000154c       0x1c ./drivers/fsl_sai.o
                0x0000154c                I2S0_Rx_DriverIRQHandler
 .text.SDHC_DriverIRQHandler
                0x00001568       0x1c ./drivers/fsl_sdhc.o
                0x00001568                SDHC_DriverIRQHandler
 .text.UART_GetInstance
                0x00001584       0x1c ./drivers/fsl_uart.o
                0x00001584                UART_GetInstance
 .text.UART_Init
                0x000015a0       0xf4 ./drivers/fsl_uart.o
                0x000015a0                UART_Init
 .text.UART_GetDefaultConfig
                0x00001694       0x18 ./drivers/fsl_uart.o
                0x00001694                UART_GetDefaultConfig
 .text.UART_EnableInterrupts
                0x000016ac       0x36 ./drivers/fsl_uart.o
                0x000016ac                UART_EnableInterrupts
 .text.UART_GetStatusFlags
                0x000016e2       0x16 ./drivers/fsl_uart.o
                0x000016e2                UART_GetStatusFlags
 .text.UART0_DriverIRQHandler
                0x000016f8       0x1c ./drivers/fsl_uart.o
                0x000016f8                UART0_DriverIRQHandler
 .text.UART0_RX_TX_DriverIRQHandler
                0x00001714        0x4 ./drivers/fsl_uart.o
                0x00001714                UART0_RX_TX_DriverIRQHandler
 .text.UART1_DriverIRQHandler
                0x00001718       0x1c ./drivers/fsl_uart.o
                0x00001718                UART1_DriverIRQHandler
 .text.UART1_RX_TX_DriverIRQHandler
                0x00001734        0x4 ./drivers/fsl_uart.o
                0x00001734                UART1_RX_TX_DriverIRQHandler
 .text.UART2_DriverIRQHandler
                0x00001738       0x1c ./drivers/fsl_uart.o
                0x00001738                UART2_DriverIRQHandler
 .text.UART2_RX_TX_DriverIRQHandler
                0x00001754        0x4 ./drivers/fsl_uart.o
                0x00001754                UART2_RX_TX_DriverIRQHandler
 .text.UART3_DriverIRQHandler
                0x00001758       0x1c ./drivers/fsl_uart.o
                0x00001758                UART3_DriverIRQHandler
 .text.UART3_RX_TX_DriverIRQHandler
                0x00001774        0x4 ./drivers/fsl_uart.o
                0x00001774                UART3_RX_TX_DriverIRQHandler
 .text.UART4_DriverIRQHandler
                0x00001778       0x1c ./drivers/fsl_uart.o
                0x00001778                UART4_DriverIRQHandler
 .text.UART4_RX_TX_DriverIRQHandler
                0x00001794        0x4 ./drivers/fsl_uart.o
                0x00001794                UART4_RX_TX_DriverIRQHandler
 .text.UART5_DriverIRQHandler
                0x00001798       0x1c ./drivers/fsl_uart.o
                0x00001798                UART5_DriverIRQHandler
 .text.UART5_RX_TX_DriverIRQHandler
                0x000017b4        0x4 ./drivers/fsl_uart.o
                0x000017b4                UART5_RX_TX_DriverIRQHandler
 .text.BOARD_InitDebugConsole
                0x000017b8        0x2 ./board/board.o
                0x000017b8                BOARD_InitDebugConsole
 .text.BOARD_BootClockRUN
                0x000017ba        0x2 ./board/clock_config.o
                0x000017ba                BOARD_BootClockRUN
 .text.CLOCK_EnableClock
                0x000017bc       0x1a ./board/pin_mux.o
 *fill*         0x000017d6        0x2 
 .text.BOARD_InitPins
                0x000017d8       0x78 ./board/pin_mux.o
                0x000017d8                BOARD_InitPins
 .text.exit     0x00001850       0x28 c:/freescale/kds_v3/toolchain/bin/../lib/gcc/arm-none-eabi/4.8.4/../../../../arm-none-eabi/lib/armv7e-m/fpu\libg_s.a(lib_a-exit.o)
                0x00001850                exit
 .text.__libc_init_array
                0x00001878       0x4c c:/freescale/kds_v3/toolchain/bin/../lib/gcc/arm-none-eabi/4.8.4/../../../../arm-none-eabi/lib/armv7e-m/fpu\libg_s.a(lib_a-init.o)
                0x00001878                __libc_init_array
 .text.memset   0x000018c4       0x10 c:/freescale/kds_v3/toolchain/bin/../lib/gcc/arm-none-eabi/4.8.4/../../../../arm-none-eabi/lib/armv7e-m/fpu\libg_s.a(lib_a-memset.o)
                0x000018c4                memset
 .text._exit    0x000018d4        0x4 c:/freescale/kds_v3/toolchain/bin/../lib/gcc/arm-none-eabi/4.8.4/../../../../arm-none-eabi/lib/armv7e-m/fpu\libnosys.a(_exit.o)
                0x000018d4                _exit
 *(.rodata)
 .rodata        0x000018d8        0x2 ./sources/drive.o
 *(.rodata*)
 .rodata.fllFactorTable.6115
                0x000018da       0x10 ./drivers/fsl_clock.o
 *fill*         0x000018ea        0x2 
 .rodata.s_ftmClocks
                0x000018ec       0x10 ./drivers/fsl_ftm.o
 .rodata.s_uartBases
                0x000018fc       0x18 ./drivers/fsl_uart.o
 .rodata.s_uartClock
                0x00001914       0x18 ./drivers/fsl_uart.o
 .rodata.str1.1
                0x0000192c        0x2 c:/freescale/kds_v3/toolchain/bin/../lib/gcc/arm-none-eabi/4.8.4/../../../../arm-none-eabi/lib/armv7e-m/fpu\libg_s.a(lib_a-impure.o)
 *fill*         0x0000192e        0x2 
 .rodata._global_impure_ptr
                0x00001930        0x4 c:/freescale/kds_v3/toolchain/bin/../lib/gcc/arm-none-eabi/4.8.4/../../../../arm-none-eabi/lib/armv7e-m/fpu\libg_s.a(lib_a-impure.o)
                0x00001930                _global_impure_ptr
 *(.glue_7)
 .glue_7        0x00000000        0x0 linker stubs
 *(.glue_7t)
 .glue_7t       0x00000000        0x0 linker stubs
 *(.eh_frame)
 .eh_frame      0x00001934        0x0 c:/freescale/kds_v3/toolchain/bin/../lib/gcc/arm-none-eabi/4.8.4/armv7e-m/fpu/crtbegin.o
 *(.init)
 .init          0x00001934        0x4 c:/freescale/kds_v3/toolchain/bin/../lib/gcc/arm-none-eabi/4.8.4/armv7e-m/fpu/crti.o
                0x00001934                _init
 .init          0x00001938        0x8 c:/freescale/kds_v3/toolchain/bin/../lib/gcc/arm-none-eabi/4.8.4/armv7e-m/fpu/crtn.o
 *(.fini)
 .fini          0x00001940        0x4 c:/freescale/kds_v3/toolchain/bin/../lib/gcc/arm-none-eabi/4.8.4/armv7e-m/fpu/crti.o
                0x00001940                _fini
 .fini          0x00001944        0x8 c:/freescale/kds_v3/toolchain/bin/../lib/gcc/arm-none-eabi/4.8.4/armv7e-m/fpu/crtn.o
                0x0000194c                . = ALIGN (0x4)

.vfp11_veneer   0x0000194c        0x0
 .vfp11_veneer  0x00000000        0x0 linker stubs

.v4_bx          0x0000194c        0x0
 .v4_bx         0x00000000        0x0 linker stubs

.iplt           0x0000194c        0x0
 .iplt          0x00000000        0x0 c:/freescale/kds_v3/toolchain/bin/../lib/gcc/arm-none-eabi/4.8.4/armv7e-m/fpu/crtbegin.o

.ARM.extab
 *(.ARM.extab* .gnu.linkonce.armextab.*)

.ARM            0x0000194c        0x8
                0x0000194c                __exidx_start = .
 *(.ARM.exidx*)
 .ARM.exidx     0x0000194c        0x8 c:/freescale/kds_v3/toolchain/bin/../lib/gcc/arm-none-eabi/4.8.4/../../../../arm-none-eabi/lib/armv7e-m/fpu/crt0.o
                0x00001954                __exidx_end = .

.rel.dyn        0x00001954        0x0
 .rel.iplt      0x00000000        0x0 c:/freescale/kds_v3/toolchain/bin/../lib/gcc/arm-none-eabi/4.8.4/armv7e-m/fpu/crtbegin.o

.ctors          0x00001954        0x0
                0x00001954                __CTOR_LIST__ = .
 *crtbegin.o(.ctors)
 *crtbegin?.o(.ctors)
 *(EXCLUDE_FILE(*crtend.o *crtend?.o) .ctors)
 *(SORT(.ctors.*))
 *(.ctors)
                0x00001954                __CTOR_END__ = .

.dtors          0x00001954        0x0
                0x00001954                __DTOR_LIST__ = .
 *crtbegin.o(.dtors)
 *crtbegin?.o(.dtors)
 *(EXCLUDE_FILE(*crtend.o *crtend?.o) .dtors)
 *(SORT(.dtors.*))
 *(.dtors)
                0x00001954                __DTOR_END__ = .

.preinit_array  0x00001954        0x0
                0x00001954                PROVIDE (__preinit_array_start, .)
 *(.preinit_array*)
                0x00001954                PROVIDE (__preinit_array_end, .)

.init_array     0x00001954        0x4
                0x00001954                PROVIDE (__init_array_start, .)
 *(SORT(.init_array.*))
 *(.init_array*)
 .init_array    0x00001954        0x4 c:/freescale/kds_v3/toolchain/bin/../lib/gcc/arm-none-eabi/4.8.4/armv7e-m/fpu/crtbegin.o
                0x00001958                PROVIDE (__init_array_end, .)

.fini_array     0x00001958        0x4
                0x00001958                PROVIDE (__fini_array_start, .)
 *(SORT(.fini_array.*))
 *(.fini_array*)
 .fini_array    0x00001958        0x4 c:/freescale/kds_v3/toolchain/bin/../lib/gcc/arm-none-eabi/4.8.4/armv7e-m/fpu/crtbegin.o
                0x0000195c                PROVIDE (__fini_array_end, .)
                0x0000195c                __etext = .
                0x0000195c                __DATA_ROM = .

.interrupts_ram
                0x1fff0000        0x0
                0x1fff0000                . = ALIGN (0x4)
                0x1fff0000                __VECTOR_RAM__ = .
                0x1fff0000                __interrupts_ram_start__ = .
 *(.m_interrupts_ram)
                0x1fff0000                . = (. + M_VECTOR_RAM_SIZE)
                0x1fff0000                . = ALIGN (0x4)
                0x1fff0000                __interrupts_ram_end__ = .
                0x00000000                __VECTOR_RAM = DEFINED (__ram_vector_table__)?__VECTOR_RAM__:ORIGIN (m_interrupts)
                0x00000000                __RAM_VECTOR_TABLE_SIZE_BYTES = DEFINED (__ram_vector_table__)?(__interrupts_ram_end__ - __interrupts_ram_start__):0x0

.data           0x1fff0000      0x128 load address 0x0000195c
                0x1fff0000                . = ALIGN (0x4)
                0x1fff0000                __DATA_RAM = .
                0x1fff0000                __data_start__ = .
 *(.data)
 *(.data*)
 .data.asKeywordList
                0x1fff0000       0xbb ./sources/command_decoder.o
                0x1fff0000                asKeywordList
 *fill*         0x1fff00bb        0x1 
 .data.s_slowIrcFreq
                0x1fff00bc        0x4 ./drivers/fsl_clock.o
 .data.s_fastIrcFreq
                0x1fff00c0        0x4 ./drivers/fsl_clock.o
 .data.impure_data
                0x1fff00c4       0x60 c:/freescale/kds_v3/toolchain/bin/../lib/gcc/arm-none-eabi/4.8.4/../../../../arm-none-eabi/lib/armv7e-m/fpu\libg_s.a(lib_a-impure.o)
 *(.jcr*)
 .jcr           0x1fff0124        0x0 c:/freescale/kds_v3/toolchain/bin/../lib/gcc/arm-none-eabi/4.8.4/armv7e-m/fpu/crtbegin.o
 .jcr           0x1fff0124        0x4 c:/freescale/kds_v3/toolchain/bin/../lib/gcc/arm-none-eabi/4.8.4/armv7e-m/fpu/crtend.o
                0x1fff0128                . = ALIGN (0x4)
                0x1fff0128                __data_end__ = .
                0x00001a84                __DATA_END = (__DATA_ROM + (__data_end__ - __data_start__))
                0x00100000                text_end = (ORIGIN (m_text) + 0xffbf0)
                0x00000001                ASSERT ((__DATA_END <= text_end), region m_text overflowed with text and data)
                0x00000000                USB_RAM_GAP = DEFINED (__usb_ram_size__)?__usb_ram_size__:0x0

.igot.plt       0x1fff0128        0x0 load address 0x00001a84
 .igot.plt      0x00000000        0x0 c:/freescale/kds_v3/toolchain/bin/../lib/gcc/arm-none-eabi/4.8.4/armv7e-m/fpu/crtbegin.o

.bss            0x1fff0128      0x2d8 load address 0x00001a84
                0x1fff0128                . = ALIGN (0x4)
                0x1fff0128                __START_BSS = .
                0x1fff0128                __bss_start__ = .
 *(.bss)
 .bss           0x1fff0128       0x1c c:/freescale/kds_v3/toolchain/bin/../lib/gcc/arm-none-eabi/4.8.4/armv7e-m/fpu/crtbegin.o
 *(.bss*)
 .bss.ucTokenNr
                0x1fff0144        0x1 ./sources/command_decoder.o
                0x1fff0144                ucTokenNr
 *fill*         0x1fff0145        0x3 
 .bss.asToken   0x1fff0148       0x10 ./sources/command_decoder.o
                0x1fff0148                asToken
 .bss.drive_data
                0x1fff0158        0x4 ./sources/drive.o
 .bss.sRxBuffer
                0x1fff015c       0x22 ./sources/uart.o
                0x1fff015c                sRxBuffer
 *fill*         0x1fff017e        0x2 
 .bss.g_xtal0Freq
                0x1fff0180        0x4 ./drivers/fsl_clock.o
                0x1fff0180                g_xtal0Freq
 .bss.g_xtal32Freq
                0x1fff0184        0x4 ./drivers/fsl_clock.o
                0x1fff0184                g_xtal32Freq
 .bss.g_dspiHandle
                0x1fff0188        0xc ./drivers/fsl_dspi.o
 .bss.s_dspiMasterIsr
                0x1fff0194        0x4 ./drivers/fsl_dspi.o
 .bss.s_dspiSlaveIsr
                0x1fff0198        0x4 ./drivers/fsl_dspi.o
 .bss.s_EDMAHandle
                0x1fff019c       0x40 ./drivers/fsl_edma.o
 .bss.s_enetRxIsr
                0x1fff01dc        0x4 ./drivers/fsl_enet.o
 .bss.s_ENETHandle
                0x1fff01e0        0x4 ./drivers/fsl_enet.o
 .bss.s_enetTxIsr
                0x1fff01e4        0x4 ./drivers/fsl_enet.o
 .bss.s_enetErrIsr
                0x1fff01e8        0x4 ./drivers/fsl_enet.o
 .bss.s_flexcanHandle
                0x1fff01ec        0x4 ./drivers/fsl_flexcan.o
 .bss.s_flexcanIsr
                0x1fff01f0        0x4 ./drivers/fsl_flexcan.o
 .bss.s_i2cHandle
                0x1fff01f4        0xc ./drivers/fsl_i2c.o
 .bss.s_i2cMasterIsr
                0x1fff0200        0x4 ./drivers/fsl_i2c.o
 .bss.s_i2cSlaveIsr
                0x1fff0204        0x4 ./drivers/fsl_i2c.o
 .bss.s_saiTxIsr
                0x1fff0208        0x4 ./drivers/fsl_sai.o
 .bss.s_saiHandle
                0x1fff020c        0x8 ./drivers/fsl_sai.o
                0x1fff020c                s_saiHandle
 .bss.s_saiRxIsr
                0x1fff0214        0x4 ./drivers/fsl_sai.o
 .bss.s_sdhcIsr
                0x1fff0218        0x4 ./drivers/fsl_sdhc.o
 .bss.s_sdhcHandle
                0x1fff021c        0x4 ./drivers/fsl_sdhc.o
 .bss.s_uartIsr
                0x1fff0220        0x4 ./drivers/fsl_uart.o
 .bss.s_uartHandle
                0x1fff0224       0x18 ./drivers/fsl_uart.o
                0x1fff0400                . = ALIGN (0x200)
 *fill*         0x1fff023c      0x1c4 
                0x1fff0400                USB_RAM_START = .
                0x1fff0400                . = (. + USB_RAM_GAP)
 *(COMMON)
                0x1fff0400                . = ALIGN (0x4)
                0x1fff0400                __bss_end__ = .
                0x1fff0400                __END_BSS = .

.heap           0x20000000      0x400
                0x20000000                . = ALIGN (0x8)
                0x20000000                __end__ = .
                0x20000000                PROVIDE (end, .)
                0x20000000                __HeapBase = .
                0x20000400                . = (. + HEAP_SIZE)
 *fill*         0x20000000      0x400 
                0x20000400                __HeapLimit = .
                0x20000400                __heap_limit = .

.stack          0x20000400      0x400
                0x20000400                . = ALIGN (0x8)
                0x20000800                . = (. + STACK_SIZE)
 *fill*         0x20000400      0x400 

m_usb_bdt       0x1fff0400        0x0
 *(m_usb_bdt)
                0x1fff0400                USB_RAM_BDT_END = .

m_usb_global
 *(m_usb_global)
                0x20030000                __StackTop = (ORIGIN (m_data_2) + 0x30000)
                0x2002fc00                __StackLimit = (__StackTop - STACK_SIZE)
                0x20030000                PROVIDE (__stack, __StackTop)

.ARM.attributes
                0x00000000       0x30
 *(.ARM.attributes)
 .ARM.attributes
                0x00000000       0x22 c:/freescale/kds_v3/toolchain/bin/../lib/gcc/arm-none-eabi/4.8.4/armv7e-m/fpu/crti.o
 .ARM.attributes
                0x00000022       0x34 c:/freescale/kds_v3/toolchain/bin/../lib/gcc/arm-none-eabi/4.8.4/armv7e-m/fpu/crtbegin.o
 .ARM.attributes
                0x00000056       0x20 c:/freescale/kds_v3/toolchain/bin/../lib/gcc/arm-none-eabi/4.8.4/../../../../arm-none-eabi/lib/armv7e-m/fpu/crt0.o
 .ARM.attributes
                0x00000076       0x1f ./startup/startup_MK64F12.o
 .ARM.attributes
                0x00000095       0x39 ./startup/system_MK64F12.o
 .ARM.attributes
                0x000000ce       0x39 ./sources/command_decoder.o
 .ARM.attributes
                0x00000107       0x39 ./sources/drive.o
 .ARM.attributes
                0x00000140       0x39 ./sources/main.o
 .ARM.attributes
                0x00000179       0x39 ./sources/my_string.o
 .ARM.attributes
                0x000001b2       0x39 ./sources/uart.o
 .ARM.attributes
                0x000001eb       0x39 ./drivers/fsl_clock.o
 .ARM.attributes
                0x00000224       0x39 ./drivers/fsl_dspi.o
 .ARM.attributes
                0x0000025d       0x39 ./drivers/fsl_edma.o
 .ARM.attributes
                0x00000296       0x39 ./drivers/fsl_enet.o
 .ARM.attributes
                0x000002cf       0x39 ./drivers/fsl_flexcan.o
 .ARM.attributes
                0x00000308       0x39 ./drivers/fsl_ftm.o
 .ARM.attributes
                0x00000341       0x39 ./drivers/fsl_gpio.o
 .ARM.attributes
                0x0000037a       0x39 ./drivers/fsl_i2c.o
 .ARM.attributes
                0x000003b3       0x39 ./drivers/fsl_sai.o
 .ARM.attributes
                0x000003ec       0x39 ./drivers/fsl_sdhc.o
 .ARM.attributes
                0x00000425       0x39 ./drivers/fsl_uart.o
 .ARM.attributes
                0x0000045e       0x39 ./board/board.o
 .ARM.attributes
                0x00000497       0x39 ./board/clock_config.o
 .ARM.attributes
                0x000004d0       0x39 ./board/pin_mux.o
 .ARM.attributes
                0x00000509       0x34 c:/freescale/kds_v3/toolchain/bin/../lib/gcc/arm-none-eabi/4.8.4/../../../../arm-none-eabi/lib/armv7e-m/fpu\libg_s.a(lib_a-exit.o)
 .ARM.attributes
                0x0000053d       0x34 c:/freescale/kds_v3/toolchain/bin/../lib/gcc/arm-none-eabi/4.8.4/../../../../arm-none-eabi/lib/armv7e-m/fpu\libg_s.a(lib_a-impure.o)
 .ARM.attributes
                0x00000571       0x34 c:/freescale/kds_v3/toolchain/bin/../lib/gcc/arm-none-eabi/4.8.4/../../../../arm-none-eabi/lib/armv7e-m/fpu\libg_s.a(lib_a-init.o)
 .ARM.attributes
                0x000005a5       0x34 c:/freescale/kds_v3/toolchain/bin/../lib/gcc/arm-none-eabi/4.8.4/../../../../arm-none-eabi/lib/armv7e-m/fpu\libg_s.a(lib_a-memset.o)
 .ARM.attributes
                0x000005d9       0x34 c:/freescale/kds_v3/toolchain/bin/../lib/gcc/arm-none-eabi/4.8.4/../../../../arm-none-eabi/lib/armv7e-m/fpu\libnosys.a(_exit.o)
 .ARM.attributes
                0x0000060d       0x34 c:/freescale/kds_v3/toolchain/bin/../lib/gcc/arm-none-eabi/4.8.4/armv7e-m/fpu/crtend.o
 .ARM.attributes
                0x00000641       0x22 c:/freescale/kds_v3/toolchain/bin/../lib/gcc/arm-none-eabi/4.8.4/armv7e-m/fpu/crtn.o
                0x00000001                ASSERT ((__StackLimit >= __HeapLimit), region m_data_2 overflowed with stack and heap)
OUTPUT(drive.elf elf32-littlearm)

.debug_line     0x00000000     0x56ff
 .debug_line    0x00000000      0x19f ./startup/startup_MK64F12.o
 .debug_line    0x0000019f      0x156 ./startup/system_MK64F12.o
 .debug_line    0x000002f5       0xf3 ./sources/command_decoder.o
 .debug_line    0x000003e8      0x1f0 ./sources/drive.o
 .debug_line    0x000005d8      0x17d ./sources/main.o
 .debug_line    0x00000755      0x134 ./sources/my_string.o
 .debug_line    0x00000889      0x212 ./sources/uart.o
 .debug_line    0x00000a9b      0x7f1 ./drivers/fsl_clock.o
 .debug_line    0x0000128c      0xae4 ./drivers/fsl_dspi.o
 .debug_line    0x00001d70      0x72a ./drivers/fsl_edma.o
 .debug_line    0x0000249a      0x540 ./drivers/fsl_enet.o
 .debug_line    0x000029da      0x756 ./drivers/fsl_flexcan.o
 .debug_line    0x00003130      0x466 ./drivers/fsl_ftm.o
 .debug_line    0x00003596      0x17e ./drivers/fsl_gpio.o
 .debug_line    0x00003714      0x81a ./drivers/fsl_i2c.o
 .debug_line    0x00003f2e      0x66d ./drivers/fsl_sai.o
 .debug_line    0x0000459b      0x6f5 ./drivers/fsl_sdhc.o
 .debug_line    0x00004c90      0x65f ./drivers/fsl_uart.o
 .debug_line    0x000052ef       0x59 ./board/board.o
 .debug_line    0x00005348       0x62 ./board/clock_config.o
 .debug_line    0x000053aa      0x355 ./board/pin_mux.o

.debug_info     0x00000000    0x19f7c
 .debug_info    0x00000000       0xa0 ./startup/startup_MK64F12.o
 .debug_info    0x000000a0      0x5d8 ./startup/system_MK64F12.o
 .debug_info    0x00000678      0x3dd ./sources/command_decoder.o
 .debug_info    0x00000a55      0xc5f ./sources/drive.o
 .debug_info    0x000016b4      0x409 ./sources/main.o
 .debug_info    0x00001abd      0x287 ./sources/my_string.o
 .debug_info    0x00001d44      0xd89 ./sources/uart.o
 .debug_info    0x00002acd     0x220e ./drivers/fsl_clock.o
 .debug_info    0x00004cdb     0x316d ./drivers/fsl_dspi.o
 .debug_info    0x00007e48     0x2198 ./drivers/fsl_edma.o
 .debug_info    0x00009fe0     0x23f6 ./drivers/fsl_enet.o
 .debug_info    0x0000c3d6     0x2515 ./drivers/fsl_flexcan.o
 .debug_info    0x0000e8eb     0x1237 ./drivers/fsl_ftm.o
 .debug_info    0x0000fb22      0x554 ./drivers/fsl_gpio.o
 .debug_info    0x00010076     0x23e9 ./drivers/fsl_i2c.o
 .debug_info    0x0001245f     0x209e ./drivers/fsl_sai.o
 .debug_info    0x000144fd     0x2902 ./drivers/fsl_sdhc.o
 .debug_info    0x00016dff     0x1d55 ./drivers/fsl_uart.o
 .debug_info    0x00018b54       0x79 ./board/board.o
 .debug_info    0x00018bcd       0x33 ./board/clock_config.o
 .debug_info    0x00018c00     0x137c ./board/pin_mux.o

.debug_abbrev   0x00000000     0x373c
 .debug_abbrev  0x00000000       0x14 ./startup/startup_MK64F12.o
 .debug_abbrev  0x00000014      0x117 ./startup/system_MK64F12.o
 .debug_abbrev  0x0000012b      0x157 ./sources/command_decoder.o
 .debug_abbrev  0x00000282      0x262 ./sources/drive.o
 .debug_abbrev  0x000004e4      0x17f ./sources/main.o
 .debug_abbrev  0x00000663       0xdd ./sources/my_string.o
 .debug_abbrev  0x00000740      0x2ff ./sources/uart.o
 .debug_abbrev  0x00000a3f      0x43f ./drivers/fsl_clock.o
 .debug_abbrev  0x00000e7e      0x484 ./drivers/fsl_dspi.o
 .debug_abbrev  0x00001302      0x438 ./drivers/fsl_edma.o
 .debug_abbrev  0x0000173a      0x39a ./drivers/fsl_enet.o
 .debug_abbrev  0x00001ad4      0x42c ./drivers/fsl_flexcan.o
 .debug_abbrev  0x00001f00      0x2e5 ./drivers/fsl_ftm.o
 .debug_abbrev  0x000021e5      0x1e0 ./drivers/fsl_gpio.o
 .debug_abbrev  0x000023c5      0x46d ./drivers/fsl_i2c.o
 .debug_abbrev  0x00002832      0x424 ./drivers/fsl_sai.o
 .debug_abbrev  0x00002c56      0x3f9 ./drivers/fsl_sdhc.o
 .debug_abbrev  0x0000304f      0x3b8 ./drivers/fsl_uart.o
 .debug_abbrev  0x00003407       0x40 ./board/board.o
 .debug_abbrev  0x00003447       0x2a ./board/clock_config.o
 .debug_abbrev  0x00003471      0x2cb ./board/pin_mux.o

.debug_aranges  0x00000000      0xd68
 .debug_aranges
                0x00000000       0x20 ./startup/startup_MK64F12.o
 .debug_aranges
                0x00000020       0x28 ./startup/system_MK64F12.o
 .debug_aranges
                0x00000048       0x38 ./sources/command_decoder.o
 .debug_aranges
                0x00000080       0x30 ./sources/drive.o
 .debug_aranges
                0x000000b0       0x20 ./sources/main.o
 .debug_aranges
                0x000000d0       0x50 ./sources/my_string.o
 .debug_aranges
                0x00000120       0x58 ./sources/uart.o
 .debug_aranges
                0x00000178      0x1a0 ./drivers/fsl_clock.o
 .debug_aranges
                0x00000318      0x110 ./drivers/fsl_dspi.o
 .debug_aranges
                0x00000428      0x1c8 ./drivers/fsl_edma.o
 .debug_aranges
                0x000005f0       0xd8 ./drivers/fsl_enet.o
 .debug_aranges
                0x000006c8      0x100 ./drivers/fsl_flexcan.o
 .debug_aranges
                0x000007c8       0x98 ./drivers/fsl_ftm.o
 .debug_aranges
                0x00000860       0x30 ./drivers/fsl_gpio.o
 .debug_aranges
                0x00000890      0x130 ./drivers/fsl_i2c.o
 .debug_aranges
                0x000009c0      0x110 ./drivers/fsl_sai.o
 .debug_aranges
                0x00000ad0       0xb8 ./drivers/fsl_sdhc.o
 .debug_aranges
                0x00000b88      0x138 ./drivers/fsl_uart.o
 .debug_aranges
                0x00000cc0       0x20 ./board/board.o
 .debug_aranges
                0x00000ce0       0x20 ./board/clock_config.o
 .debug_aranges
                0x00000d00       0x68 ./board/pin_mux.o

.debug_loc      0x00000000     0xd935
 .debug_loc     0x00000000       0x9b ./startup/system_MK64F12.o
 .debug_loc     0x0000009b      0x253 ./sources/command_decoder.o
 .debug_loc     0x000002ee      0x12b ./sources/drive.o
 .debug_loc     0x00000419      0x2c5 ./sources/my_string.o
 .debug_loc     0x000006de       0x8b ./sources/uart.o
 .debug_loc     0x00000769     0x10ce ./drivers/fsl_clock.o
 .debug_loc     0x00001837     0x1f1f ./drivers/fsl_dspi.o
 .debug_loc     0x00003756      0xae1 ./drivers/fsl_edma.o
 .debug_loc     0x00004237     0x1011 ./drivers/fsl_enet.o
 .debug_loc     0x00005248     0x128f ./drivers/fsl_flexcan.o
 .debug_loc     0x000064d7      0xccc ./drivers/fsl_ftm.o
 .debug_loc     0x000071a3      0x28d ./drivers/fsl_gpio.o
 .debug_loc     0x00007430     0x1902 ./drivers/fsl_i2c.o
 .debug_loc     0x00008d32     0x144b ./drivers/fsl_sai.o
 .debug_loc     0x0000a17d     0x17a2 ./drivers/fsl_sdhc.o
 .debug_loc     0x0000b91f     0x17af ./drivers/fsl_uart.o
 .debug_loc     0x0000d0ce      0x867 ./board/pin_mux.o

.debug_ranges   0x00000000     0x1288
 .debug_ranges  0x00000000       0x18 ./startup/system_MK64F12.o
 .debug_ranges  0x00000018       0x28 ./sources/command_decoder.o
 .debug_ranges  0x00000040       0x20 ./sources/drive.o
 .debug_ranges  0x00000060       0x10 ./sources/main.o
 .debug_ranges  0x00000070       0x40 ./sources/my_string.o
 .debug_ranges  0x000000b0       0x48 ./sources/uart.o
 .debug_ranges  0x000000f8      0x1f0 ./drivers/fsl_clock.o
 .debug_ranges  0x000002e8      0x2b0 ./drivers/fsl_dspi.o
 .debug_ranges  0x00000598      0x1d0 ./drivers/fsl_edma.o
 .debug_ranges  0x00000768      0x130 ./drivers/fsl_enet.o
 .debug_ranges  0x00000898      0x1a0 ./drivers/fsl_flexcan.o
 .debug_ranges  0x00000a38       0xa0 ./drivers/fsl_ftm.o
 .debug_ranges  0x00000ad8       0x20 ./drivers/fsl_gpio.o
 .debug_ranges  0x00000af8      0x190 ./drivers/fsl_i2c.o
 .debug_ranges  0x00000c88      0x1d8 ./drivers/fsl_sai.o
 .debug_ranges  0x00000e60      0x198 ./drivers/fsl_sdhc.o
 .debug_ranges  0x00000ff8      0x140 ./drivers/fsl_uart.o
 .debug_ranges  0x00001138       0x10 ./board/board.o
 .debug_ranges  0x00001148       0x10 ./board/clock_config.o
 .debug_ranges  0x00001158      0x130 ./board/pin_mux.o

.debug_str      0x00000000     0xb825
 .debug_str     0x00000000      0x3c8 ./startup/system_MK64F12.o
                                0x40c (size before relaxing)
 .debug_str     0x000003c8      0x216 ./sources/command_decoder.o
                                0x390 (size before relaxing)
 .debug_str     0x000005de      0xd09 ./sources/drive.o
                                0xf71 (size before relaxing)
 .debug_str     0x000012e7       0xd0 ./sources/main.o
                                0x426 (size before relaxing)
 .debug_str     0x000013b7      0x115 ./sources/my_string.o
                                0x2cb (size before relaxing)
 .debug_str     0x000014cc      0xc15 ./sources/uart.o
                               0x1448 (size before relaxing)
 .debug_str     0x000020e1     0x12de ./drivers/fsl_clock.o
                               0x1b51 (size before relaxing)
 .debug_str     0x000033bf     0x11c8 ./drivers/fsl_dspi.o
                               0x20e2 (size before relaxing)
 .debug_str     0x00004587      0xf54 ./drivers/fsl_edma.o
                               0x1aed (size before relaxing)
 .debug_str     0x000054db     0x108c ./drivers/fsl_enet.o
                               0x207f (size before relaxing)
 .debug_str     0x00006567      0xff2 ./drivers/fsl_flexcan.o
                               0x1f2e (size before relaxing)
 .debug_str     0x00007559      0x912 ./drivers/fsl_ftm.o
                               0x141d (size before relaxing)
 .debug_str     0x00007e6b       0xf6 ./drivers/fsl_gpio.o
                                0x778 (size before relaxing)
 .debug_str     0x00007f61      0xc09 ./drivers/fsl_i2c.o
                               0x1b70 (size before relaxing)
 .debug_str     0x00008b6a      0x9fd ./drivers/fsl_sai.o
                               0x198c (size before relaxing)
 .debug_str     0x00009567     0x1511 ./drivers/fsl_sdhc.o
                               0x248a (size before relaxing)
 .debug_str     0x0000aa78      0x75f ./drivers/fsl_uart.o
                               0x1c10 (size before relaxing)
 .debug_str     0x0000b1d7       0x2c ./board/board.o
                                0x1d1 (size before relaxing)
 .debug_str     0x0000b203       0x33 ./board/clock_config.o
                                0x150 (size before relaxing)
 .debug_str     0x0000b236      0x5ef ./board/pin_mux.o
                                0xbc0 (size before relaxing)

.comment        0x00000000       0x70
 .comment       0x00000000       0x70 ./startup/system_MK64F12.o
                                 0x71 (size before relaxing)
 .comment       0x00000000       0x71 ./sources/command_decoder.o
 .comment       0x00000000       0x71 ./sources/drive.o
 .comment       0x00000000       0x71 ./sources/main.o
 .comment       0x00000000       0x71 ./sources/my_string.o
 .comment       0x00000000       0x71 ./sources/uart.o
 .comment       0x00000000       0x71 ./drivers/fsl_clock.o
 .comment       0x00000000       0x71 ./drivers/fsl_dspi.o
 .comment       0x00000000       0x71 ./drivers/fsl_edma.o
 .comment       0x00000000       0x71 ./drivers/fsl_enet.o
 .comment       0x00000000       0x71 ./drivers/fsl_flexcan.o
 .comment       0x00000000       0x71 ./drivers/fsl_ftm.o
 .comment       0x00000000       0x71 ./drivers/fsl_gpio.o
 .comment       0x00000000       0x71 ./drivers/fsl_i2c.o
 .comment       0x00000000       0x71 ./drivers/fsl_sai.o
 .comment       0x00000000       0x71 ./drivers/fsl_sdhc.o
 .comment       0x00000000       0x71 ./drivers/fsl_uart.o
 .comment       0x00000000       0x71 ./board/board.o
 .comment       0x00000000       0x71 ./board/clock_config.o
 .comment       0x00000000       0x71 ./board/pin_mux.o

.debug_frame    0x00000000     0x22a8
 .debug_frame   0x00000000       0x30 ./startup/system_MK64F12.o
 .debug_frame   0x00000030       0x88 ./sources/command_decoder.o
 .debug_frame   0x000000b8       0x58 ./sources/drive.o
 .debug_frame   0x00000110       0x28 ./sources/main.o
 .debug_frame   0x00000138       0xb4 ./sources/my_string.o
 .debug_frame   0x000001ec       0xb0 ./sources/uart.o
 .debug_frame   0x0000029c      0x458 ./drivers/fsl_clock.o
 .debug_frame   0x000006f4      0x2ec ./drivers/fsl_dspi.o
 .debug_frame   0x000009e0      0x438 ./drivers/fsl_edma.o
 .debug_frame   0x00000e18      0x254 ./drivers/fsl_enet.o
 .debug_frame   0x0000106c      0x2ec ./drivers/fsl_flexcan.o
 .debug_frame   0x00001358      0x1a0 ./drivers/fsl_ftm.o
 .debug_frame   0x000014f8       0x48 ./drivers/fsl_gpio.o
 .debug_frame   0x00001540      0x35c ./drivers/fsl_i2c.o
 .debug_frame   0x0000189c      0x30c ./drivers/fsl_sai.o
 .debug_frame   0x00001ba8      0x220 ./drivers/fsl_sdhc.o
 .debug_frame   0x00001dc8      0x31c ./drivers/fsl_uart.o
 .debug_frame   0x000020e4       0x20 ./board/board.o
 .debug_frame   0x00002104       0x20 ./board/clock_config.o
 .debug_frame   0x00002124       0xf0 ./board/pin_mux.o
 .debug_frame   0x00002214       0x28 c:/freescale/kds_v3/toolchain/bin/../lib/gcc/arm-none-eabi/4.8.4/../../../../arm-none-eabi/lib/armv7e-m/fpu\libg_s.a(lib_a-exit.o)
 .debug_frame   0x0000223c       0x2c c:/freescale/kds_v3/toolchain/bin/../lib/gcc/arm-none-eabi/4.8.4/../../../../arm-none-eabi/lib/armv7e-m/fpu\libg_s.a(lib_a-init.o)
 .debug_frame   0x00002268       0x20 c:/freescale/kds_v3/toolchain/bin/../lib/gcc/arm-none-eabi/4.8.4/../../../../arm-none-eabi/lib/armv7e-m/fpu\libg_s.a(lib_a-memset.o)
 .debug_frame   0x00002288       0x20 c:/freescale/kds_v3/toolchain/bin/../lib/gcc/arm-none-eabi/4.8.4/../../../../arm-none-eabi/lib/armv7e-m/fpu\libnosys.a(_exit.o)
